2025-11-16 15:20:29: Sent message to Kafka
2025-11-16 15:20:29: DataTime: 2025-11-16 15:20:29 /urlRequest: /getAllUsers: {get all users request}
2025-11-16 15:20:29: Получено информационное событие (без изменения БД)
2025-11-22 10:30:41: CREATE TABLE IF NOT EXISTS Department (
    id SERIAL PRIMARY KEY,
    NameDepartment TEXT NOT NULL
);
2025-11-22 10:30:41: CREATE TABLE IF NOT EXISTS Users (
    id SERIAL PRIMARY KEY,
    FirstName TEXT NOT NULL,
    LastName TEXT NOT NULL,
    birthDay DATE,
    DepartmentId INT,
    CONSTRAINT fk_department FOREIGN KEY (DepartmentId) REFERENCES Department(id),
    CONSTRAINT unique_first_last_name UNIQUE (FirstName, LastName)
);
2025-11-22 10:30:41: INSERT INTO Department
2025-11-22 10:33:41: DROP TABLE IF EXISTS Users
2025-11-22 10:33:41: DROP TABLE IF EXISTS Department
2025-11-22 10:33:41: CREATE TABLE IF NOT EXISTS Department (
    id SERIAL PRIMARY KEY,
    NameDepartment TEXT NOT NULL
);
2025-11-22 10:33:41: CREATE TABLE IF NOT EXISTS Users (
    id SERIAL PRIMARY KEY,
    FirstName TEXT NOT NULL,
    LastName TEXT NOT NULL,
    birthDay DATE,
    DepartmentId INT,
    CONSTRAINT fk_department FOREIGN KEY (DepartmentId) REFERENCES Department(id),
    CONSTRAINT unique_first_last_name UNIQUE (FirstName, LastName)
);
2025-11-22 10:33:41: INSERT INTO Department
2025-11-22 10:33:41: INSERT INTO Users
